// Jest Snapshot v1, https://goo.gl/fbAQLP

exports[`RestartButton Соответствие снимку 1`] = `
<div
  className="RestartButton"
>
  <Button
    onClick={[Function]}
    stretched={true}
  >
    Вернуться
  </Button>
</div>
`;
